// Jest Snapshot v1, https://goo.gl/fbAQLP

exports[`<LoginScreen /> responds with user login 1`] = `
<View
  style={
    {
      "alignItems": "center",
      "backgroundColor": "#F2F3EF",
      "flex": 1,
      "justifyContent": "space-between",
      "marginTop": 54,
      "paddingHorizontal": 8,
    }
  }
>
  <Text />
  <View
    style={
      {
        "alignItems": "center",
        "flex": 1,
        "justifyContent": "space-around",
        "width": "100%",
      }
    }
  >
    <View
      style={
        {
          "height": 100,
          "justifyContent": "space-between",
          "width": "80%",
        }
      }
    >
      <TextInput
        onChangeText={[Function]}
        placeholder="Email"
        style={
          {
            "borderBottomColor": "#00171F",
            "borderBottomWidth": 8,
          }
        }
      />
      <TextInput
        onChangeText={[Function]}
        placeholder="Password"
        secureTextEntry={true}
        style={
          {
            "borderBottomColor": "#00171F",
            "borderBottomWidth": 8,
          }
        }
      />
    </View>
    <View
      style={
        {
          "width": "100%",
        }
      }
    >
      <View
        accessibilityRole="button"
        accessibilityState={
          {
            "busy": undefined,
            "checked": undefined,
            "disabled": undefined,
            "expanded": undefined,
            "selected": undefined,
          }
        }
        accessibilityValue={
          {
            "max": undefined,
            "min": undefined,
            "now": undefined,
            "text": undefined,
          }
        }
        accessible={true}
        collapsable={false}
        focusable={true}
        onClick={[Function]}
        onResponderGrant={[Function]}
        onResponderMove={[Function]}
        onResponderRelease={[Function]}
        onResponderTerminate={[Function]}
        onResponderTerminationRequest={[Function]}
        onStartShouldSetResponder={[Function]}
        style={
          {
            "opacity": 1,
          }
        }
      >
        <View
          style={
            [
              {},
            ]
          }
        >
          <Text
            style={
              [
                {
                  "color": "#007AFF",
                  "fontSize": 18,
                  "margin": 8,
                  "textAlign": "center",
                },
                {
                  "color": "#00171F",
                },
              ]
            }
          >
            Login
          </Text>
        </View>
      </View>
      <View
        style={
          {
            "alignItems": "center",
          }
        }
      >
        <Text>
          No Account,
           
          <Text
            onPress={[Function]}
            style={
              {
                "color": "#FF6700",
              }
            }
          >
            Register!
          </Text>
        </Text>
      </View>
    </View>
  </View>
  <View>
    <View
      style={
        {
          "alignItems": "center",
          "flexDirection": "row",
          "justifyContent": "space-evenly",
          "paddingHorizontal": 10,
          "paddingVertical": 15,
          "width": "50%",
        }
      }
    >
      <Text />
      <Text />
      <Text />
      <Text />
    </View>
    <View
      style={
        {
          "alignItems": "center",
          "flexDirection": "row",
          "justifyContent": "center",
          "paddingVertical": 15,
        }
      }
    >
      <Text />
      <Text>
        2022
      </Text>
    </View>
  </View>
</View>
`;
